Loading checkpoint shards:   0%|          | 0/2 [00:00<?, ?it/s]Loading checkpoint shards:   0%|          | 0/2 [00:00<?, ?it/s]Loading checkpoint shards:   0%|          | 0/2 [00:00<?, ?it/s]Loading checkpoint shards:  50%|█████     | 1/2 [00:08<00:08,  8.40s/it]Loading checkpoint shards:  50%|█████     | 1/2 [00:08<00:08,  8.20s/it]Loading checkpoint shards:  50%|█████     | 1/2 [00:07<00:07,  7.99s/it]Loading checkpoint shards: 100%|██████████| 2/2 [00:14<00:00,  7.04s/it]Loading checkpoint shards: 100%|██████████| 2/2 [00:14<00:00,  7.25s/it]
Loading checkpoint shards: 100%|██████████| 2/2 [00:14<00:00,  6.95s/it]Loading checkpoint shards: 100%|██████████| 2/2 [00:14<00:00,  7.14s/it]
Loading checkpoint shards: 100%|██████████| 2/2 [00:14<00:00,  6.88s/it]Loading checkpoint shards: 100%|██████████| 2/2 [00:14<00:00,  7.05s/it]
Setting `pad_token_id` to `eos_token_id`:None for open-end generation.
Starting from v4.46, the `logits` model output will have the same type as the model (except at train time, where it will always be FP32)
Setting `pad_token_id` to `eos_token_id`:None for open-end generation.
Setting `pad_token_id` to `eos_token_id`:None for open-end generation.
Starting from v4.46, the `logits` model output will have the same type as the model (except at train time, where it will always be FP32)
Starting from v4.46, the `logits` model output will have the same type as the model (except at train time, where it will always be FP32)
Setting `pad_token_id` to `eos_token_id`:None for open-end generation.
Setting `pad_token_id` to `eos_token_id`:None for open-end generation.
Setting `pad_token_id` to `eos_token_id`:None for open-end generation.
Setting `pad_token_id` to `eos_token_id`:None for open-end generation.
Setting `pad_token_id` to `eos_token_id`:None for open-end generation.
Setting `pad_token_id` to `eos_token_id`:None for open-end generation.
Setting `pad_token_id` to `eos_token_id`:None for open-end generation.
Setting `pad_token_id` to `eos_token_id`:None for open-end generation.
Setting `pad_token_id` to `eos_token_id`:None for open-end generation.
Setting `pad_token_id` to `eos_token_id`:None for open-end generation.
Setting `pad_token_id` to `eos_token_id`:None for open-end generation.
Setting `pad_token_id` to `eos_token_id`:None for open-end generation.
Setting `pad_token_id` to `eos_token_id`:None for open-end generation.
Setting `pad_token_id` to `eos_token_id`:None for open-end generation.
Setting `pad_token_id` to `eos_token_id`:None for open-end generation.
Setting `pad_token_id` to `eos_token_id`:None for open-end generation.
Setting `pad_token_id` to `eos_token_id`:None for open-end generation.
Setting `pad_token_id` to `eos_token_id`:None for open-end generation.
Setting `pad_token_id` to `eos_token_id`:None for open-end generation.
Setting `pad_token_id` to `eos_token_id`:None for open-end generation.
Setting `pad_token_id` to `eos_token_id`:None for open-end generation.
Setting `pad_token_id` to `eos_token_id`:None for open-end generation.
Setting `pad_token_id` to `eos_token_id`:None for open-end generation.
Setting `pad_token_id` to `eos_token_id`:None for open-end generation.
Setting `pad_token_id` to `eos_token_id`:None for open-end generation.
Setting `pad_token_id` to `eos_token_id`:None for open-end generation.
Setting `pad_token_id` to `eos_token_id`:None for open-end generation.
Setting `pad_token_id` to `eos_token_id`:None for open-end generation.
Setting `pad_token_id` to `eos_token_id`:None for open-end generation.
Setting `pad_token_id` to `eos_token_id`:None for open-end generation.
Setting `pad_token_id` to `eos_token_id`:None for open-end generation.
Setting `pad_token_id` to `eos_token_id`:None for open-end generation.
Setting `pad_token_id` to `eos_token_id`:None for open-end generation.
Setting `pad_token_id` to `eos_token_id`:None for open-end generation.
Setting `pad_token_id` to `eos_token_id`:None for open-end generation.
Setting `pad_token_id` to `eos_token_id`:None for open-end generation.
Setting `pad_token_id` to `eos_token_id`:None for open-end generation.
Setting `pad_token_id` to `eos_token_id`:None for open-end generation.
Setting `pad_token_id` to `eos_token_id`:None for open-end generation.
Setting `pad_token_id` to `eos_token_id`:None for open-end generation.
Setting `pad_token_id` to `eos_token_id`:None for open-end generation.
Setting `pad_token_id` to `eos_token_id`:None for open-end generation.
Setting `pad_token_id` to `eos_token_id`:None for open-end generation.
Setting `pad_token_id` to `eos_token_id`:None for open-end generation.
Setting `pad_token_id` to `eos_token_id`:None for open-end generation.
Setting `pad_token_id` to `eos_token_id`:None for open-end generation.
Setting `pad_token_id` to `eos_token_id`:None for open-end generation.
Setting `pad_token_id` to `eos_token_id`:None for open-end generation.
Setting `pad_token_id` to `eos_token_id`:None for open-end generation.
Setting `pad_token_id` to `eos_token_id`:None for open-end generation.
Setting `pad_token_id` to `eos_token_id`:None for open-end generation.
Setting `pad_token_id` to `eos_token_id`:None for open-end generation.
Setting `pad_token_id` to `eos_token_id`:None for open-end generation.
Setting `pad_token_id` to `eos_token_id`:None for open-end generation.
Setting `pad_token_id` to `eos_token_id`:None for open-end generation.
Setting `pad_token_id` to `eos_token_id`:None for open-end generation.
Setting `pad_token_id` to `eos_token_id`:None for open-end generation.
Setting `pad_token_id` to `eos_token_id`:None for open-end generation.
Setting `pad_token_id` to `eos_token_id`:None for open-end generation.
Setting `pad_token_id` to `eos_token_id`:None for open-end generation.
Setting `pad_token_id` to `eos_token_id`:None for open-end generation.
Setting `pad_token_id` to `eos_token_id`:None for open-end generation.
Setting `pad_token_id` to `eos_token_id`:None for open-end generation.
Setting `pad_token_id` to `eos_token_id`:None for open-end generation.
Setting `pad_token_id` to `eos_token_id`:None for open-end generation.
Setting `pad_token_id` to `eos_token_id`:None for open-end generation.
Setting `pad_token_id` to `eos_token_id`:None for open-end generation.
Setting `pad_token_id` to `eos_token_id`:None for open-end generation.
Setting `pad_token_id` to `eos_token_id`:None for open-end generation.
Setting `pad_token_id` to `eos_token_id`:None for open-end generation.
Setting `pad_token_id` to `eos_token_id`:None for open-end generation.
Setting `pad_token_id` to `eos_token_id`:None for open-end generation.
Setting `pad_token_id` to `eos_token_id`:None for open-end generation.
Setting `pad_token_id` to `eos_token_id`:None for open-end generation.
Setting `pad_token_id` to `eos_token_id`:None for open-end generation.
Setting `pad_token_id` to `eos_token_id`:None for open-end generation.
Setting `pad_token_id` to `eos_token_id`:None for open-end generation.
Setting `pad_token_id` to `eos_token_id`:None for open-end generation.
Setting `pad_token_id` to `eos_token_id`:None for open-end generation.
Setting `pad_token_id` to `eos_token_id`:None for open-end generation.
Setting `pad_token_id` to `eos_token_id`:None for open-end generation.
Setting `pad_token_id` to `eos_token_id`:None for open-end generation.
Setting `pad_token_id` to `eos_token_id`:None for open-end generation.
Setting `pad_token_id` to `eos_token_id`:None for open-end generation.
Setting `pad_token_id` to `eos_token_id`:None for open-end generation.
Setting `pad_token_id` to `eos_token_id`:None for open-end generation.
Setting `pad_token_id` to `eos_token_id`:None for open-end generation.
Setting `pad_token_id` to `eos_token_id`:None for open-end generation.
Setting `pad_token_id` to `eos_token_id`:None for open-end generation.
Setting `pad_token_id` to `eos_token_id`:None for open-end generation.
Setting `pad_token_id` to `eos_token_id`:None for open-end generation.
Setting `pad_token_id` to `eos_token_id`:None for open-end generation.
Setting `pad_token_id` to `eos_token_id`:None for open-end generation.
Setting `pad_token_id` to `eos_token_id`:None for open-end generation.
Setting `pad_token_id` to `eos_token_id`:None for open-end generation.
Setting `pad_token_id` to `eos_token_id`:None for open-end generation.
Setting `pad_token_id` to `eos_token_id`:None for open-end generation.
Setting `pad_token_id` to `eos_token_id`:None for open-end generation.
Setting `pad_token_id` to `eos_token_id`:None for open-end generation.
Setting `pad_token_id` to `eos_token_id`:None for open-end generation.
Setting `pad_token_id` to `eos_token_id`:None for open-end generation.
Setting `pad_token_id` to `eos_token_id`:None for open-end generation.
Setting `pad_token_id` to `eos_token_id`:None for open-end generation.
Setting `pad_token_id` to `eos_token_id`:None for open-end generation.
Setting `pad_token_id` to `eos_token_id`:None for open-end generation.
Setting `pad_token_id` to `eos_token_id`:None for open-end generation.
Setting `pad_token_id` to `eos_token_id`:None for open-end generation.
Setting `pad_token_id` to `eos_token_id`:None for open-end generation.
Setting `pad_token_id` to `eos_token_id`:None for open-end generation.
Setting `pad_token_id` to `eos_token_id`:None for open-end generation.
Setting `pad_token_id` to `eos_token_id`:None for open-end generation.
Setting `pad_token_id` to `eos_token_id`:None for open-end generation.
Setting `pad_token_id` to `eos_token_id`:None for open-end generation.
Setting `pad_token_id` to `eos_token_id`:None for open-end generation.
Setting `pad_token_id` to `eos_token_id`:None for open-end generation.
Setting `pad_token_id` to `eos_token_id`:None for open-end generation.
Setting `pad_token_id` to `eos_token_id`:None for open-end generation.
Setting `pad_token_id` to `eos_token_id`:None for open-end generation.
Setting `pad_token_id` to `eos_token_id`:None for open-end generation.
Setting `pad_token_id` to `eos_token_id`:None for open-end generation.
Setting `pad_token_id` to `eos_token_id`:None for open-end generation.
Setting `pad_token_id` to `eos_token_id`:None for open-end generation.
Setting `pad_token_id` to `eos_token_id`:None for open-end generation.
Setting `pad_token_id` to `eos_token_id`:None for open-end generation.
Setting `pad_token_id` to `eos_token_id`:None for open-end generation.
Setting `pad_token_id` to `eos_token_id`:None for open-end generation.
Setting `pad_token_id` to `eos_token_id`:None for open-end generation.
Setting `pad_token_id` to `eos_token_id`:None for open-end generation.
Setting `pad_token_id` to `eos_token_id`:None for open-end generation.
Setting `pad_token_id` to `eos_token_id`:None for open-end generation.
Setting `pad_token_id` to `eos_token_id`:None for open-end generation.
Setting `pad_token_id` to `eos_token_id`:None for open-end generation.
Setting `pad_token_id` to `eos_token_id`:None for open-end generation.
Setting `pad_token_id` to `eos_token_id`:None for open-end generation.
Setting `pad_token_id` to `eos_token_id`:None for open-end generation.
Setting `pad_token_id` to `eos_token_id`:None for open-end generation.
Setting `pad_token_id` to `eos_token_id`:None for open-end generation.
Setting `pad_token_id` to `eos_token_id`:None for open-end generation.
Setting `pad_token_id` to `eos_token_id`:None for open-end generation.
wrote 284 rows to <remote-root>/axis_repro/full284_diag_969c618/outputs/released/predictions/predictions.jsonl
