Loading checkpoint shards:   0%|          | 0/2 [00:00<?, ?it/s]Loading checkpoint shards:   0%|          | 0/2 [00:00<?, ?it/s]Loading checkpoint shards:   0%|          | 0/2 [00:00<?, ?it/s]Loading checkpoint shards:  50%|█████     | 1/2 [00:08<00:08,  8.19s/it]Loading checkpoint shards:  50%|█████     | 1/2 [00:07<00:07,  7.97s/it]Loading checkpoint shards:  50%|█████     | 1/2 [00:08<00:08,  8.15s/it]Loading checkpoint shards: 100%|██████████| 2/2 [00:14<00:00,  6.99s/it]Loading checkpoint shards: 100%|██████████| 2/2 [00:14<00:00,  7.17s/it]
Loading checkpoint shards: 100%|██████████| 2/2 [00:14<00:00,  6.87s/it]Loading checkpoint shards: 100%|██████████| 2/2 [00:14<00:00,  7.03s/it]
Loading checkpoint shards: 100%|██████████| 2/2 [00:14<00:00,  6.92s/it]Loading checkpoint shards: 100%|██████████| 2/2 [00:14<00:00,  7.11s/it]
Setting `pad_token_id` to `eos_token_id`:None for open-end generation.
Setting `pad_token_id` to `eos_token_id`:None for open-end generation.
Starting from v4.46, the `logits` model output will have the same type as the model (except at train time, where it will always be FP32)
Starting from v4.46, the `logits` model output will have the same type as the model (except at train time, where it will always be FP32)
Setting `pad_token_id` to `eos_token_id`:None for open-end generation.
Starting from v4.46, the `logits` model output will have the same type as the model (except at train time, where it will always be FP32)
Setting `pad_token_id` to `eos_token_id`:None for open-end generation.
Setting `pad_token_id` to `eos_token_id`:None for open-end generation.
Setting `pad_token_id` to `eos_token_id`:None for open-end generation.
Setting `pad_token_id` to `eos_token_id`:None for open-end generation.
Setting `pad_token_id` to `eos_token_id`:None for open-end generation.
Setting `pad_token_id` to `eos_token_id`:None for open-end generation.
Setting `pad_token_id` to `eos_token_id`:None for open-end generation.
Setting `pad_token_id` to `eos_token_id`:None for open-end generation.
Setting `pad_token_id` to `eos_token_id`:None for open-end generation.
Setting `pad_token_id` to `eos_token_id`:None for open-end generation.
Setting `pad_token_id` to `eos_token_id`:None for open-end generation.
Setting `pad_token_id` to `eos_token_id`:None for open-end generation.
Setting `pad_token_id` to `eos_token_id`:None for open-end generation.
Setting `pad_token_id` to `eos_token_id`:None for open-end generation.
Setting `pad_token_id` to `eos_token_id`:None for open-end generation.
Setting `pad_token_id` to `eos_token_id`:None for open-end generation.
Setting `pad_token_id` to `eos_token_id`:None for open-end generation.
Setting `pad_token_id` to `eos_token_id`:None for open-end generation.
Setting `pad_token_id` to `eos_token_id`:None for open-end generation.
Setting `pad_token_id` to `eos_token_id`:None for open-end generation.
Setting `pad_token_id` to `eos_token_id`:None for open-end generation.
Setting `pad_token_id` to `eos_token_id`:None for open-end generation.
Setting `pad_token_id` to `eos_token_id`:None for open-end generation.
Setting `pad_token_id` to `eos_token_id`:None for open-end generation.
Setting `pad_token_id` to `eos_token_id`:None for open-end generation.
Setting `pad_token_id` to `eos_token_id`:None for open-end generation.
Setting `pad_token_id` to `eos_token_id`:None for open-end generation.
Setting `pad_token_id` to `eos_token_id`:None for open-end generation.
Setting `pad_token_id` to `eos_token_id`:None for open-end generation.
Setting `pad_token_id` to `eos_token_id`:None for open-end generation.
Setting `pad_token_id` to `eos_token_id`:None for open-end generation.
Setting `pad_token_id` to `eos_token_id`:None for open-end generation.
Setting `pad_token_id` to `eos_token_id`:None for open-end generation.
Setting `pad_token_id` to `eos_token_id`:None for open-end generation.
Setting `pad_token_id` to `eos_token_id`:None for open-end generation.
Setting `pad_token_id` to `eos_token_id`:None for open-end generation.
Setting `pad_token_id` to `eos_token_id`:None for open-end generation.
Setting `pad_token_id` to `eos_token_id`:None for open-end generation.
Setting `pad_token_id` to `eos_token_id`:None for open-end generation.
Setting `pad_token_id` to `eos_token_id`:None for open-end generation.
Setting `pad_token_id` to `eos_token_id`:None for open-end generation.
Setting `pad_token_id` to `eos_token_id`:None for open-end generation.
Setting `pad_token_id` to `eos_token_id`:None for open-end generation.
Setting `pad_token_id` to `eos_token_id`:None for open-end generation.
Setting `pad_token_id` to `eos_token_id`:None for open-end generation.
Setting `pad_token_id` to `eos_token_id`:None for open-end generation.
Setting `pad_token_id` to `eos_token_id`:None for open-end generation.
Setting `pad_token_id` to `eos_token_id`:None for open-end generation.
Setting `pad_token_id` to `eos_token_id`:None for open-end generation.
Setting `pad_token_id` to `eos_token_id`:None for open-end generation.
Setting `pad_token_id` to `eos_token_id`:None for open-end generation.
Setting `pad_token_id` to `eos_token_id`:None for open-end generation.
Setting `pad_token_id` to `eos_token_id`:None for open-end generation.
Setting `pad_token_id` to `eos_token_id`:None for open-end generation.
Setting `pad_token_id` to `eos_token_id`:None for open-end generation.
Setting `pad_token_id` to `eos_token_id`:None for open-end generation.
Setting `pad_token_id` to `eos_token_id`:None for open-end generation.
Setting `pad_token_id` to `eos_token_id`:None for open-end generation.
Setting `pad_token_id` to `eos_token_id`:None for open-end generation.
Setting `pad_token_id` to `eos_token_id`:None for open-end generation.
Setting `pad_token_id` to `eos_token_id`:None for open-end generation.
Setting `pad_token_id` to `eos_token_id`:None for open-end generation.
Setting `pad_token_id` to `eos_token_id`:None for open-end generation.
Setting `pad_token_id` to `eos_token_id`:None for open-end generation.
Setting `pad_token_id` to `eos_token_id`:None for open-end generation.
Setting `pad_token_id` to `eos_token_id`:None for open-end generation.
Setting `pad_token_id` to `eos_token_id`:None for open-end generation.
Setting `pad_token_id` to `eos_token_id`:None for open-end generation.
Setting `pad_token_id` to `eos_token_id`:None for open-end generation.
Setting `pad_token_id` to `eos_token_id`:None for open-end generation.
Setting `pad_token_id` to `eos_token_id`:None for open-end generation.
Setting `pad_token_id` to `eos_token_id`:None for open-end generation.
Setting `pad_token_id` to `eos_token_id`:None for open-end generation.
Setting `pad_token_id` to `eos_token_id`:None for open-end generation.
Setting `pad_token_id` to `eos_token_id`:None for open-end generation.
Setting `pad_token_id` to `eos_token_id`:None for open-end generation.
Setting `pad_token_id` to `eos_token_id`:None for open-end generation.
Setting `pad_token_id` to `eos_token_id`:None for open-end generation.
Setting `pad_token_id` to `eos_token_id`:None for open-end generation.
Setting `pad_token_id` to `eos_token_id`:None for open-end generation.
Setting `pad_token_id` to `eos_token_id`:None for open-end generation.
Setting `pad_token_id` to `eos_token_id`:None for open-end generation.
Setting `pad_token_id` to `eos_token_id`:None for open-end generation.
Setting `pad_token_id` to `eos_token_id`:None for open-end generation.
Setting `pad_token_id` to `eos_token_id`:None for open-end generation.
Setting `pad_token_id` to `eos_token_id`:None for open-end generation.
Setting `pad_token_id` to `eos_token_id`:None for open-end generation.
Setting `pad_token_id` to `eos_token_id`:None for open-end generation.
Setting `pad_token_id` to `eos_token_id`:None for open-end generation.
Setting `pad_token_id` to `eos_token_id`:None for open-end generation.
Setting `pad_token_id` to `eos_token_id`:None for open-end generation.
Setting `pad_token_id` to `eos_token_id`:None for open-end generation.
Setting `pad_token_id` to `eos_token_id`:None for open-end generation.
Setting `pad_token_id` to `eos_token_id`:None for open-end generation.
Setting `pad_token_id` to `eos_token_id`:None for open-end generation.
Setting `pad_token_id` to `eos_token_id`:None for open-end generation.
Setting `pad_token_id` to `eos_token_id`:None for open-end generation.
Setting `pad_token_id` to `eos_token_id`:None for open-end generation.
Setting `pad_token_id` to `eos_token_id`:None for open-end generation.
Setting `pad_token_id` to `eos_token_id`:None for open-end generation.
Setting `pad_token_id` to `eos_token_id`:None for open-end generation.
Setting `pad_token_id` to `eos_token_id`:None for open-end generation.
Setting `pad_token_id` to `eos_token_id`:None for open-end generation.
Setting `pad_token_id` to `eos_token_id`:None for open-end generation.
Setting `pad_token_id` to `eos_token_id`:None for open-end generation.
Setting `pad_token_id` to `eos_token_id`:None for open-end generation.
Setting `pad_token_id` to `eos_token_id`:None for open-end generation.
Setting `pad_token_id` to `eos_token_id`:None for open-end generation.
Setting `pad_token_id` to `eos_token_id`:None for open-end generation.
Setting `pad_token_id` to `eos_token_id`:None for open-end generation.
Setting `pad_token_id` to `eos_token_id`:None for open-end generation.
Setting `pad_token_id` to `eos_token_id`:None for open-end generation.
Setting `pad_token_id` to `eos_token_id`:None for open-end generation.
Setting `pad_token_id` to `eos_token_id`:None for open-end generation.
Setting `pad_token_id` to `eos_token_id`:None for open-end generation.
Setting `pad_token_id` to `eos_token_id`:None for open-end generation.
Setting `pad_token_id` to `eos_token_id`:None for open-end generation.
Setting `pad_token_id` to `eos_token_id`:None for open-end generation.
Setting `pad_token_id` to `eos_token_id`:None for open-end generation.
Setting `pad_token_id` to `eos_token_id`:None for open-end generation.
Setting `pad_token_id` to `eos_token_id`:None for open-end generation.
Setting `pad_token_id` to `eos_token_id`:None for open-end generation.
Setting `pad_token_id` to `eos_token_id`:None for open-end generation.
Setting `pad_token_id` to `eos_token_id`:None for open-end generation.
Setting `pad_token_id` to `eos_token_id`:None for open-end generation.
Setting `pad_token_id` to `eos_token_id`:None for open-end generation.
Setting `pad_token_id` to `eos_token_id`:None for open-end generation.
Setting `pad_token_id` to `eos_token_id`:None for open-end generation.
Setting `pad_token_id` to `eos_token_id`:None for open-end generation.
Setting `pad_token_id` to `eos_token_id`:None for open-end generation.
Setting `pad_token_id` to `eos_token_id`:None for open-end generation.
Setting `pad_token_id` to `eos_token_id`:None for open-end generation.
Setting `pad_token_id` to `eos_token_id`:None for open-end generation.
Setting `pad_token_id` to `eos_token_id`:None for open-end generation.
Setting `pad_token_id` to `eos_token_id`:None for open-end generation.
Setting `pad_token_id` to `eos_token_id`:None for open-end generation.
Setting `pad_token_id` to `eos_token_id`:None for open-end generation.
Setting `pad_token_id` to `eos_token_id`:None for open-end generation.
Setting `pad_token_id` to `eos_token_id`:None for open-end generation.
wrote 284 rows to <remote-root>/axis_repro/full284_diag_969c618/outputs/control/predictions/predictions.jsonl
