Loading checkpoint shards:   0%|          | 0/2 [00:00<?, ?it/s]Loading checkpoint shards:   0%|          | 0/2 [00:00<?, ?it/s]Loading checkpoint shards:   0%|          | 0/2 [00:00<?, ?it/s]Loading checkpoint shards:  50%|█████     | 1/2 [00:08<00:08,  8.14s/it]Loading checkpoint shards:  50%|█████     | 1/2 [00:08<00:08,  8.14s/it]Loading checkpoint shards:  50%|█████     | 1/2 [00:08<00:08,  8.01s/it]Loading checkpoint shards: 100%|██████████| 2/2 [00:14<00:00,  6.93s/it]Loading checkpoint shards: 100%|██████████| 2/2 [00:14<00:00,  7.11s/it]
Loading checkpoint shards: 100%|██████████| 2/2 [00:14<00:00,  6.93s/it]Loading checkpoint shards: 100%|██████████| 2/2 [00:14<00:00,  7.11s/it]
Loading checkpoint shards: 100%|██████████| 2/2 [00:14<00:00,  6.90s/it]Loading checkpoint shards: 100%|██████████| 2/2 [00:14<00:00,  7.06s/it]
Setting `pad_token_id` to `eos_token_id`:None for open-end generation.
Starting from v4.46, the `logits` model output will have the same type as the model (except at train time, where it will always be FP32)
Setting `pad_token_id` to `eos_token_id`:None for open-end generation.
Setting `pad_token_id` to `eos_token_id`:None for open-end generation.
Starting from v4.46, the `logits` model output will have the same type as the model (except at train time, where it will always be FP32)
Starting from v4.46, the `logits` model output will have the same type as the model (except at train time, where it will always be FP32)
Setting `pad_token_id` to `eos_token_id`:None for open-end generation.
Setting `pad_token_id` to `eos_token_id`:None for open-end generation.
Setting `pad_token_id` to `eos_token_id`:None for open-end generation.
Setting `pad_token_id` to `eos_token_id`:None for open-end generation.
Setting `pad_token_id` to `eos_token_id`:None for open-end generation.
Setting `pad_token_id` to `eos_token_id`:None for open-end generation.
Setting `pad_token_id` to `eos_token_id`:None for open-end generation.
Setting `pad_token_id` to `eos_token_id`:None for open-end generation.
Setting `pad_token_id` to `eos_token_id`:None for open-end generation.
Setting `pad_token_id` to `eos_token_id`:None for open-end generation.
Setting `pad_token_id` to `eos_token_id`:None for open-end generation.
Setting `pad_token_id` to `eos_token_id`:None for open-end generation.
Setting `pad_token_id` to `eos_token_id`:None for open-end generation.
Setting `pad_token_id` to `eos_token_id`:None for open-end generation.
Setting `pad_token_id` to `eos_token_id`:None for open-end generation.
Setting `pad_token_id` to `eos_token_id`:None for open-end generation.
Setting `pad_token_id` to `eos_token_id`:None for open-end generation.
Setting `pad_token_id` to `eos_token_id`:None for open-end generation.
Setting `pad_token_id` to `eos_token_id`:None for open-end generation.
Setting `pad_token_id` to `eos_token_id`:None for open-end generation.
Setting `pad_token_id` to `eos_token_id`:None for open-end generation.
Setting `pad_token_id` to `eos_token_id`:None for open-end generation.
Setting `pad_token_id` to `eos_token_id`:None for open-end generation.
Setting `pad_token_id` to `eos_token_id`:None for open-end generation.
Setting `pad_token_id` to `eos_token_id`:None for open-end generation.
Setting `pad_token_id` to `eos_token_id`:None for open-end generation.
Setting `pad_token_id` to `eos_token_id`:None for open-end generation.
Setting `pad_token_id` to `eos_token_id`:None for open-end generation.
Setting `pad_token_id` to `eos_token_id`:None for open-end generation.
Setting `pad_token_id` to `eos_token_id`:None for open-end generation.
Setting `pad_token_id` to `eos_token_id`:None for open-end generation.
Setting `pad_token_id` to `eos_token_id`:None for open-end generation.
Setting `pad_token_id` to `eos_token_id`:None for open-end generation.
Setting `pad_token_id` to `eos_token_id`:None for open-end generation.
Setting `pad_token_id` to `eos_token_id`:None for open-end generation.
Setting `pad_token_id` to `eos_token_id`:None for open-end generation.
Setting `pad_token_id` to `eos_token_id`:None for open-end generation.
Setting `pad_token_id` to `eos_token_id`:None for open-end generation.
Setting `pad_token_id` to `eos_token_id`:None for open-end generation.
Setting `pad_token_id` to `eos_token_id`:None for open-end generation.
Setting `pad_token_id` to `eos_token_id`:None for open-end generation.
Setting `pad_token_id` to `eos_token_id`:None for open-end generation.
Setting `pad_token_id` to `eos_token_id`:None for open-end generation.
Setting `pad_token_id` to `eos_token_id`:None for open-end generation.
Setting `pad_token_id` to `eos_token_id`:None for open-end generation.
Setting `pad_token_id` to `eos_token_id`:None for open-end generation.
Setting `pad_token_id` to `eos_token_id`:None for open-end generation.
Setting `pad_token_id` to `eos_token_id`:None for open-end generation.
Setting `pad_token_id` to `eos_token_id`:None for open-end generation.
Setting `pad_token_id` to `eos_token_id`:None for open-end generation.
Setting `pad_token_id` to `eos_token_id`:None for open-end generation.
Setting `pad_token_id` to `eos_token_id`:None for open-end generation.
Setting `pad_token_id` to `eos_token_id`:None for open-end generation.
Setting `pad_token_id` to `eos_token_id`:None for open-end generation.
Setting `pad_token_id` to `eos_token_id`:None for open-end generation.
Setting `pad_token_id` to `eos_token_id`:None for open-end generation.
Setting `pad_token_id` to `eos_token_id`:None for open-end generation.
Setting `pad_token_id` to `eos_token_id`:None for open-end generation.
Setting `pad_token_id` to `eos_token_id`:None for open-end generation.
Setting `pad_token_id` to `eos_token_id`:None for open-end generation.
Setting `pad_token_id` to `eos_token_id`:None for open-end generation.
Setting `pad_token_id` to `eos_token_id`:None for open-end generation.
Setting `pad_token_id` to `eos_token_id`:None for open-end generation.
Setting `pad_token_id` to `eos_token_id`:None for open-end generation.
Setting `pad_token_id` to `eos_token_id`:None for open-end generation.
Setting `pad_token_id` to `eos_token_id`:None for open-end generation.
Setting `pad_token_id` to `eos_token_id`:None for open-end generation.
Setting `pad_token_id` to `eos_token_id`:None for open-end generation.
Setting `pad_token_id` to `eos_token_id`:None for open-end generation.
Setting `pad_token_id` to `eos_token_id`:None for open-end generation.
Setting `pad_token_id` to `eos_token_id`:None for open-end generation.
Setting `pad_token_id` to `eos_token_id`:None for open-end generation.
Setting `pad_token_id` to `eos_token_id`:None for open-end generation.
Setting `pad_token_id` to `eos_token_id`:None for open-end generation.
Setting `pad_token_id` to `eos_token_id`:None for open-end generation.
Setting `pad_token_id` to `eos_token_id`:None for open-end generation.
Setting `pad_token_id` to `eos_token_id`:None for open-end generation.
Setting `pad_token_id` to `eos_token_id`:None for open-end generation.
Setting `pad_token_id` to `eos_token_id`:None for open-end generation.
Setting `pad_token_id` to `eos_token_id`:None for open-end generation.
Setting `pad_token_id` to `eos_token_id`:None for open-end generation.
Setting `pad_token_id` to `eos_token_id`:None for open-end generation.
Setting `pad_token_id` to `eos_token_id`:None for open-end generation.
Setting `pad_token_id` to `eos_token_id`:None for open-end generation.
Setting `pad_token_id` to `eos_token_id`:None for open-end generation.
Setting `pad_token_id` to `eos_token_id`:None for open-end generation.
Setting `pad_token_id` to `eos_token_id`:None for open-end generation.
Setting `pad_token_id` to `eos_token_id`:None for open-end generation.
Setting `pad_token_id` to `eos_token_id`:None for open-end generation.
Setting `pad_token_id` to `eos_token_id`:None for open-end generation.
Setting `pad_token_id` to `eos_token_id`:None for open-end generation.
Setting `pad_token_id` to `eos_token_id`:None for open-end generation.
Setting `pad_token_id` to `eos_token_id`:None for open-end generation.
Setting `pad_token_id` to `eos_token_id`:None for open-end generation.
Setting `pad_token_id` to `eos_token_id`:None for open-end generation.
Setting `pad_token_id` to `eos_token_id`:None for open-end generation.
Setting `pad_token_id` to `eos_token_id`:None for open-end generation.
Setting `pad_token_id` to `eos_token_id`:None for open-end generation.
Setting `pad_token_id` to `eos_token_id`:None for open-end generation.
Setting `pad_token_id` to `eos_token_id`:None for open-end generation.
Setting `pad_token_id` to `eos_token_id`:None for open-end generation.
Setting `pad_token_id` to `eos_token_id`:None for open-end generation.
Setting `pad_token_id` to `eos_token_id`:None for open-end generation.
Setting `pad_token_id` to `eos_token_id`:None for open-end generation.
Setting `pad_token_id` to `eos_token_id`:None for open-end generation.
Setting `pad_token_id` to `eos_token_id`:None for open-end generation.
Setting `pad_token_id` to `eos_token_id`:None for open-end generation.
Setting `pad_token_id` to `eos_token_id`:None for open-end generation.
Setting `pad_token_id` to `eos_token_id`:None for open-end generation.
Setting `pad_token_id` to `eos_token_id`:None for open-end generation.
Setting `pad_token_id` to `eos_token_id`:None for open-end generation.
Setting `pad_token_id` to `eos_token_id`:None for open-end generation.
Setting `pad_token_id` to `eos_token_id`:None for open-end generation.
Setting `pad_token_id` to `eos_token_id`:None for open-end generation.
Setting `pad_token_id` to `eos_token_id`:None for open-end generation.
Setting `pad_token_id` to `eos_token_id`:None for open-end generation.
Setting `pad_token_id` to `eos_token_id`:None for open-end generation.
Setting `pad_token_id` to `eos_token_id`:None for open-end generation.
Setting `pad_token_id` to `eos_token_id`:None for open-end generation.
Setting `pad_token_id` to `eos_token_id`:None for open-end generation.
Setting `pad_token_id` to `eos_token_id`:None for open-end generation.
Setting `pad_token_id` to `eos_token_id`:None for open-end generation.
Setting `pad_token_id` to `eos_token_id`:None for open-end generation.
Setting `pad_token_id` to `eos_token_id`:None for open-end generation.
Setting `pad_token_id` to `eos_token_id`:None for open-end generation.
Setting `pad_token_id` to `eos_token_id`:None for open-end generation.
Setting `pad_token_id` to `eos_token_id`:None for open-end generation.
Setting `pad_token_id` to `eos_token_id`:None for open-end generation.
Setting `pad_token_id` to `eos_token_id`:None for open-end generation.
Setting `pad_token_id` to `eos_token_id`:None for open-end generation.
Setting `pad_token_id` to `eos_token_id`:None for open-end generation.
Setting `pad_token_id` to `eos_token_id`:None for open-end generation.
Setting `pad_token_id` to `eos_token_id`:None for open-end generation.
Setting `pad_token_id` to `eos_token_id`:None for open-end generation.
Setting `pad_token_id` to `eos_token_id`:None for open-end generation.
Setting `pad_token_id` to `eos_token_id`:None for open-end generation.
Setting `pad_token_id` to `eos_token_id`:None for open-end generation.
Setting `pad_token_id` to `eos_token_id`:None for open-end generation.
Setting `pad_token_id` to `eos_token_id`:None for open-end generation.
wrote 284 rows to <remote-root>/axis_repro/full284_diag_969c618/outputs/treatment/predictions/predictions.jsonl
